{
  "end": {
    "column": 10,
    "line": 11
  },
  "start": {
    "column": 0,
    "line": 1
  }
}
