const someDeclaration = (): {someProperty: 'someValue'} => {
                console.log('yay');
    return {someProperty: 'someValue'};
            };
