functionExpressionProperty () {
	console.log('something in the body');
}
