function arrowFunctionExpression () {
            return 1 + 2
        }
