function functionExpression () {
            console.log('boo');
        }
