(): {someProperty: 'someValue'} => {
                console.log('Oh noes!!');

    return {someProperty: 'someValue'}
            }
