const someDeclaration = () => {
                console.log('yay');
            };
