function (): number {
	console.log('foo');
    return 5 + 6;
}
