const functionDeclaration = function () {
            console.log('Just a function declaration');
        };
