function namedFunctionExpression () {
	console.log('boo');
}
