function arrowFunctionExpression (): number {
	return 1 + 2
}
