something = (): {someProperty: 'someValue'} => {
                console.log('This is a test');
        return {someProperty: 'someValue'}
            }
