methodSomething = function (): number {
	return 1234;
}
