testMethod: function (a, b, c, d) {
            const something = 'foo';
return `${something} else`;
        },
