function testMethod (a, b, c) {
	const d = 1234;

                        const addSomething = (a) => a + b;

                        function multiplySomething(c, d) {
                            return c * d;
                        }

                        foo.bar.baz('test');

                        return addSomething(a) * d;
}
