[
  "IfStatement",
  "FunctionDeclaration",
  "FunctionExpression",
  "MethodDefinition",
  "Program"
]
