testMethod: function (a, b, c) {
            return 'foo';
        },
