const testVar = $4${1/async/await/}this.$2(a, b, c)
