{
  "end": {
    "column": 26,
    "line": 12
  },
  "start": {
    "column": 24,
    "line": 9
  }
}
