{
  "end": {
    "column": 0,
    "line": 9
  },
  "start": {
    "column": 31,
    "line": 7
  }
}
