[
  {
    "end": {
      "column": 21,
      "line": 7
    },
    "start": {
      "column": 20,
      "line": 7
    }
  },
  {
    "end": {
      "column": 23,
      "line": 11
    },
    "start": {
      "column": 22,
      "line": 11
    }
  },
  {
    "end": {
      "column": 35,
      "line": 25
    },
    "start": {
      "column": 34,
      "line": 25
    }
  },
  {
    "end": {
      "column": 27,
      "line": 27
    },
    "start": {
      "column": 26,
      "line": 27
    }
  },
  {
    "end": {
      "column": 15,
      "line": 30
    },
    "start": {
      "column": 14,
      "line": 30
    }
  }
]
