{
  "end": {
    "column": 6,
    "line": 8
  },
  "start": {
    "column": 4,
    "line": 6
  }
}
