{
  "end": {
    "column": 6,
    "line": 4
  },
  "start": {
    "column": 4,
    "line": 2
  }
}
