{
  "id": {
    "loc": {
      "end": {
        "column": 11,
        "line": 4
      },
      "start": {
        "column": 10,
        "line": 4
      }
    },
    "name": "a",
    "type": "Identifier"
  },
  "init": {
    "loc": {
      "end": {
        "column": 18,
        "line": 4
      },
      "start": {
        "column": 14,
        "line": 4
      }
    },
    "raw": "1234",
    "type": "Literal",
    "value": 1234
  },
  "loc": {
    "end": {
      "column": 18,
      "line": 4
    },
    "start": {
      "column": 10,
      "line": 4
    }
  },
  "type": "VariableDeclarator"
}
