[
  {
    "end": {
      "column": 50,
      "line": 24
    },
    "start": {
      "column": 49,
      "line": 24
    }
  }
]
