{
  "end": {
    "column": 18,
    "line": 5
  },
  "start": {
    "column": 10,
    "line": 5
  }
}
