{
  "end": {
    "column": 19,
    "line": 9
  },
  "start": {
    "column": 4,
    "line": 9
  }
}
