{
    "type": "Identifier",
    "name": "someIdentifier",
    "loc": {
        "start": {
            "line": 3,
            "column": 0
        },
        "end": {
            "line": 3,
            "column": 14
        }
    }
}
