const anArrowFunctionName = () => {
                console.log('such arrow function');
            };
