function* newMethod (a) {
	const b = a * 3; return b;
}
