{
  "end": {
    "column": 5,
    "line": 19
  },
  "start": {
    "column": 5,
    "line": 19
  }
}
