[
  "Program",
  "ClassDeclaration",
  "ClassBody",
  "MethodDefinition",
  "FunctionExpression",
  "BlockStatement",
  "VariableDeclaration",
  "VariableDeclarator",
  "ObjectExpression",
  "Property",
  "FunctionExpression",
  "BlockStatement",
  "FunctionDeclaration",
  "BlockStatement",
  "IfStatement",
  "IfStatement",
  "BlockStatement",
  "ReturnStatement",
  "ArrayExpression",
  "ArrowFunctionExpression",
  "BlockStatement",
  "ReturnStatement",
  "Identifier"
]
