{
  "loc": {
    "end": {
      "column": 10,
      "line": 2
    },
    "start": {
      "column": 8,
      "line": 2
    }
  },
  "name": "aa",
  "type": "Identifier"
}
