[
  "Variable",
  "Function",
  "Arrow Function",
  "Try/Catch",
  "Constructor",
  "Function call",
  "Template Literal"
]
