${1|function,async function,function*|} ${2:functionName }(${3:parameters}) {
	${TM_SELECTED_TEXT}$0
}
