[
  "ts-snippets",
  "ts-snippets",
  "ts-snippets"
]
