{
  "end": {
    "column": 33,
    "line": 1
  },
  "start": {
    "column": 8,
    "line": 1
  }
}
