{ ${1:propertyName1}: 1, ${2:propertyName2}: 2, ${3:propertyName3}: { c: 3, d: 4 }, ${4:propertyName4}: [5] }
